databricks.s3.backoff.initialDelayMs null
databricks.s3.backoff.maxRetries null
databricks.s3.backward.compatibility.enabled true
databricks.s3.backward.compatibility.override.enabled false
fs.abfs.impl shaded.databricks.azurebfs.org.apache.hadoop.fs.azurebfs.AzureBlobFileSystem
fs.abfs.impl.disable.cache true
fs.abfss.impl shaded.databricks.azurebfs.org.apache.hadoop.fs.azurebfs.SecureAzureBlobFileSystem
fs.abfss.impl.disable.cache true
fs.adl.impl com.databricks.adl.AdlFileSystem
fs.adl.impl.disable.cache true
fs.automatic.close true
fs.dbfs.impl com.databricks.backend.daemon.data.client.DBFS
fs.dbfs.impl.disable.cache null
fs.defaultFS dbfs:///
fs.file.impl com.databricks.backend.daemon.driver.WorkspaceLocalFileSystem
fs.file.impl.disable.cache null
fs.gs.impl shaded.databricks.com.google.cloud.hadoop.fs.gcs.GoogleHadoopFileSystem
fs.gs.impl.disable.cache true
fs.hdfs.impl null
fs.hdfs.impl.disable.cache null
fs.s3.buffer.dir null
fs.s3.impl shaded.databricks.org.apache.hadoop.fs.s3a.S3AFileSystem
fs.s3.impl.disable.cache false
fs.s3a.access.key null
fs.s3a.assumed.role.arn null
fs.s3a.assumed.role.external.id null
fs.s3a.assumed.role.sts.endpoint null
fs.s3a.buffer.dir /local_disk0/tmp/s3a
fs.s3a.credentialsType null
fs.s3a.impl shaded.databricks.org.apache.hadoop.fs.s3a.S3AFileSystem
fs.s3a.impl.disable.cache null
fs.s3a.secret.key null
fs.s3a.server-side-encryption-algorithm null
fs.s3a.server-side-encryption-customer-algorithm null
fs.s3a.stsAssumeRole.arn null
fs.s3a.stsAssumeRole.externalId null
fs.s3a.stsAssumeRole.stsEndpoint null
fs.s3araw.impl null
fs.s3araw.impl.disable.cache null
fs.s3n.awsAccessKeyId null
fs.s3n.awsSecretAccessKey null
fs.s3n.impl shaded.databricks.org.apache.hadoop.fs.s3a.S3AFileSystem
fs.s3n.impl.disable.cache null
fs.wasb.impl shaded.databricks.org.apache.hadoop.fs.azure.NativeAzureFileSystem
fs.wasb.impl.disable.cache true
fs.wasbs.impl shaded.databricks.org.apache.hadoop.fs.azure.NativeAzureFileSystem
fs.wasbs.impl.disable.cache true
hadoop.service.shutdown.timeout 30
hive.metastore.warehouse.dir null
org.apache.hadoop.mapred.JobConf class org.apache.hadoop.mapred.JobConf
org.apache.hadoop.mapred.JobConfigurable interface org.apache.hadoop.mapred.JobConfigurable
parquet.crypto.factory.class null
parquet.filter.bloom.enabled true
parquet.filter.columnindex.enabled false
parquet.filter.dictionary.enabled true
parquet.filter.record-level.enabled true
parquet.filter.stats.enabled true
parquet.page.verify-checksum.enabled true
parquet.private.read.filter.predicate null
parquet.read.allocation.size 8388608
parquet.read.bad.record.threshold null
parquet.read.filter null
parquet.strings.signed-min-max.enabled false
spark.databricks.delta.azure.retryTolerableRename.enabled true
spark.databricks.io.cache.blacklist.regex null
spark.databricks.io.cache.enabled true
spark.databricks.io.cache.maxMetaDataCache 19922944000
spark.databricks.io.cache.parquet.enabled true
spark.databricks.io.cache.prefix dbfs,s3,hdfs,wasb,adl,abfs,gs,cpfs-,mcfs-,elfs,delta-sharing